[    0.000000] Linux version 4.15.0-46-generic (buildd@lgw01-amd64-038) (gcc version 7.3.0 (Ubuntu 7.3.0-16ubuntu3)) #49-Ubuntu SMP Wed Feb 6 09:33:07 UTC 2019 (Ubuntu 4.15.0-46.49-generic 4.15.18)
[    0.000000] Command line: BOOT_IMAGE=/boot/vmlinuz-4.15.0-46-generic root=LABEL=cloudimg-rootfs ro console=tty1 console=ttyS0
[    0.000000] KERNEL supported cpus:
[    0.000000]   Intel GenuineIntel
[    0.000000]   AMD AuthenticAMD
[    0.000000]   Centaur CentaurHauls
[    0.000000] x86/fpu: Supporting XSAVE feature 0x001: 'x87 floating point registers'
[    0.000000] x86/fpu: Supporting XSAVE feature 0x002: 'SSE registers'
[    0.000000] x86/fpu: Supporting XSAVE feature 0x004: 'AVX registers'
[    0.000000] x86/fpu: xstate_offset[2]:  576, xstate_sizes[2]:  256
[    0.000000] x86/fpu: Enabled xstate features 0x7, context size is 832 bytes, using 'standard' format.
[    0.000000] e820: BIOS-provided physical RAM map:
[    0.000000] BIOS-e820: [mem 0x0000000000000000-0x000000000009fbff] usable
[    0.000000] BIOS-e820: [mem 0x000000000009fc00-0x000000000009ffff] reserved
[    0.000000] BIOS-e820: [mem 0x00000000000f0000-0x00000000000fffff] reserved
[    0.000000] BIOS-e820: [mem 0x0000000000100000-0x000000003ffeffff] usable
[    0.000000] BIOS-e820: [mem 0x000000003fff0000-0x000000003fffffff] ACPI data
[    0.000000] BIOS-e820: [mem 0x00000000fec00000-0x00000000fec00fff] reserved
[    0.000000] BIOS-e820: [mem 0x00000000fee00000-0x00000000fee00fff] reserved
[    0.000000] BIOS-e820: [mem 0x00000000fffc0000-0x00000000ffffffff] reserved
[    0.000000] NX (Execute Disable) protection: active
[    0.000000] SMBIOS 2.5 present.
[    0.000000] DMI: innotek GmbH VirtualBox/VirtualBox, BIOS VirtualBox 12/01/2006
[    0.000000] Hypervisor detected: KVM
[    0.000000] e820: last_pfn = 0x3fff0 max_arch_pfn = 0x400000000
[    0.000000] MTRR: Disabled
[    0.000000] x86/PAT: MTRRs disabled, skipping PAT initialization too.
[    0.000000] CPU MTRRs all blank - virtualized system.
[    0.000000] x86/PAT: Configuration [0-7]: WB  WT  UC- UC  WB  WT  UC- UC  
[    0.000000] found SMP MP-table at [mem 0x0009fff0-0x0009ffff] mapped at [        (ptrval)]
[    0.000000] Scanning 1 areas for low memory corruption
[    0.000000] RAMDISK: [mem 0x35adf000-0x36d66fff]
[    0.000000] ACPI: Early table checksum verification disabled
[    0.000000] ACPI: RSDP 0x00000000000E0000 000024 (v02 VBOX  )
[    0.000000] ACPI: XSDT 0x000000003FFF0030 00003C (v01 VBOX   VBOXXSDT 00000001 ASL  00000061)
[    0.000000] ACPI: FACP 0x000000003FFF00F0 0000F4 (v04 VBOX   VBOXFACP 00000001 ASL  00000061)
[    0.000000] ACPI: DSDT 0x000000003FFF0470 0022EA (v02 VBOX   VBOXBIOS 00000002 INTL 20100528)
[    0.000000] ACPI: FACS 0x000000003FFF0200 000040
[    0.000000] ACPI: FACS 0x000000003FFF0200 000040
[    0.000000] ACPI: APIC 0x000000003FFF0240 00005C (v02 VBOX   VBOXAPIC 00000001 ASL  00000061)
[    0.000000] ACPI: SSDT 0x000000003FFF02A0 0001CC (v01 VBOX   VBOXCPUT 00000002 INTL 20100528)
[    0.000000] No NUMA configuration found
[    0.000000] Faking a node at [mem 0x0000000000000000-0x000000003ffeffff]
[    0.000000] NODE_DATA(0) allocated [mem 0x3ffc5000-0x3ffeffff]
[    0.000000] kvm-clock: cpu 0, msr 0:3ff44001, primary cpu clock
[    0.000000] kvm-clock: Using msrs 4b564d01 and 4b564d00
[    0.000000] kvm-clock: using sched offset of 4663790059 cycles
[    0.000000] clocksource: kvm-clock: mask: 0xffffffffffffffff max_cycles: 0x1cd42e4dffb, max_idle_ns: 881590591483 ns
[    0.000000] Zone ranges:
[    0.000000]   DMA      [mem 0x0000000000001000-0x0000000000ffffff]
[    0.000000]   DMA32    [mem 0x0000000001000000-0x000000003ffeffff]
[    0.000000]   Normal   empty
[    0.000000]   Device   empty
[    0.000000] Movable zone start for each node
[    0.000000] Early memory node ranges
[    0.000000]   node   0: [mem 0x0000000000001000-0x000000000009efff]
[    0.000000]   node   0: [mem 0x0000000000100000-0x000000003ffeffff]
[    0.000000] Reserved but unavailable: 114 pages
[    0.000000] Initmem setup node 0 [mem 0x0000000000001000-0x000000003ffeffff]
[    0.000000] ACPI: PM-Timer IO Port: 0x4008
[    0.000000] IOAPIC[0]: apic_id 2, version 32, address 0xfec00000, GSI 0-23
[    0.000000] ACPI: INT_SRC_OVR (bus 0 bus_irq 0 global_irq 2 dfl dfl)
[    0.000000] ACPI: INT_SRC_OVR (bus 0 bus_irq 9 global_irq 9 low level)
[    0.000000] Using ACPI (MADT) for SMP configuration information
[    0.000000] smpboot: Allowing 2 CPUs, 0 hotplug CPUs
[    0.000000] PM: Registered nosave memory: [mem 0x00000000-0x00000fff]
[    0.000000] PM: Registered nosave memory: [mem 0x0009f000-0x0009ffff]
[    0.000000] PM: Registered nosave memory: [mem 0x000a0000-0x000effff]
[    0.000000] PM: Registered nosave memory: [mem 0x000f0000-0x000fffff]
[    0.000000] e820: [mem 0x40000000-0xfebfffff] available for PCI devices
[    0.000000] Booting paravirtualized kernel on KVM
[    0.000000] clocksource: refined-jiffies: mask: 0xffffffff max_cycles: 0xffffffff, max_idle_ns: 7645519600211568 ns
[    0.000000] random: get_random_bytes called from start_kernel+0x99/0x4fd with crng_init=0
[    0.000000] setup_percpu: NR_CPUS:8192 nr_cpumask_bits:2 nr_cpu_ids:2 nr_node_ids:1
[    0.000000] percpu: Embedded 46 pages/cpu @        (ptrval) s151552 r8192 d28672 u1048576
[    0.000000] PV qspinlock hash table entries: 256 (order: 0, 4096 bytes)
[    0.000000] Built 1 zonelists, mobility grouping on.  Total pages: 257913
[    0.000000] Policy zone: DMA32
[    0.000000] Kernel command line: BOOT_IMAGE=/boot/vmlinuz-4.15.0-46-generic root=LABEL=cloudimg-rootfs ro console=tty1 console=ttyS0
[    0.000000] Memory: 983608K/1048120K available (12300K kernel code, 2473K rwdata, 4252K rodata, 2408K init, 2416K bss, 64512K reserved, 0K cma-reserved)
[    0.000000] SLUB: HWalign=64, Order=0-3, MinObjects=0, CPUs=2, Nodes=1
[    0.000000] Kernel/User page tables isolation: enabled
[    0.000000] ftrace: allocating 39198 entries in 154 pages
[    0.004000] Hierarchical RCU implementation.
[    0.004000] 	RCU restricting CPUs from NR_CPUS=8192 to nr_cpu_ids=2.
[    0.004000] 	Tasks RCU enabled.
[    0.004000] RCU: Adjusting geometry for rcu_fanout_leaf=16, nr_cpu_ids=2
[    0.004000] NR_IRQS: 524544, nr_irqs: 440, preallocated irqs: 16
[    0.004000] Console: colour VGA+ 80x25
[    0.004000] console [tty1] enabled
[    0.004000] console [ttyS0] enabled
[    0.004000] ACPI: Core revision 20170831
[    0.004000] ACPI: 2 ACPI AML tables successfully acquired and loaded
[    0.004000] APIC: Switch to symmetric I/O mode setup
[    0.004000] x2apic enabled
[    0.004000] Switched APIC routing to physical x2apic.
[    0.004898] ..TIMER: vector=0x30 apic1=0 pin1=2 apic2=-1 pin2=-1
[    0.008001] tsc: Detected 2303.998 MHz processor
[    0.009069] Calibrating delay loop (skipped) preset value.. 4607.99 BogoMIPS (lpj=9215992)
[    0.012002] pid_max: default: 32768 minimum: 301
[    0.013204] Security Framework initialized
[    0.014164] Yama: becoming mindful.
[    0.016022] AppArmor: AppArmor initialized
[    0.019164] Dentry cache hash table entries: 131072 (order: 8, 1048576 bytes)
[    0.020054] Inode-cache hash table entries: 65536 (order: 7, 524288 bytes)
[    0.024015] Mount-cache hash table entries: 2048 (order: 2, 16384 bytes)
[    0.028013] Mountpoint-cache hash table entries: 2048 (order: 2, 16384 bytes)
[    0.030485] mce: CPU supports 0 MCE banks
[    0.032017] Last level iTLB entries: 4KB 64, 2MB 8, 4MB 8
[    0.033484] Last level dTLB entries: 4KB 64, 2MB 0, 4MB 0, 1GB 4
[    0.034880] Spectre V2 : Mitigation: Full generic retpoline
[    0.036003] Spectre V2 : Spectre v2 / SpectreRSB mitigation: Filling RSB on context switch
[    0.038471] Speculative Store Bypass: Vulnerable
[    0.040078] Freeing SMP alternatives memory: 36K
[    0.048000] smpboot: CPU0: Intel(R) Core(TM) i5-7360U CPU @ 2.30GHz (family: 0x6, model: 0x8e, stepping: 0x9)
[    0.048000] Performance Events: unsupported p6 CPU model 142 no PMU driver, software events only.
[    0.048036] Hierarchical SRCU implementation.
[    0.049731] NMI watchdog: Perf event create on CPU 0 failed with -2
[    0.052002] NMI watchdog: Perf NMI watchdog permanently disabled
[    0.053923] smp: Bringing up secondary CPUs ...
[    0.056496] x86: Booting SMP configuration:
[    0.057752] .... node  #0, CPUs:      #1
[    0.004000] kvm-clock: cpu 1, msr 0:3ff44041, secondary cpu clock
[    0.004000] mce: CPU supports 0 MCE banks
[    0.063679] smp: Brought up 1 node, 2 CPUs
[    0.064006] smpboot: Max logical packages: 1
[    0.065508] smpboot: Total of 2 processors activated (9215.99 BogoMIPS)
[    0.068126] devtmpfs: initialized
[    0.068928] x86/mm: Memory block size: 128MB
[    0.072115] evm: security.selinux
[    0.073131] evm: security.SMACK64
[    0.074164] evm: security.SMACK64EXEC
[    0.075339] evm: security.SMACK64TRANSMUTE
[    0.076003] evm: security.SMACK64MMAP
[    0.077447] evm: security.apparmor
[    0.078576] evm: security.ima
[    0.080002] evm: security.capability
[    0.081502] clocksource: jiffies: mask: 0xffffffff max_cycles: 0xffffffff, max_idle_ns: 7645041785100000 ns
[    0.084013] futex hash table entries: 512 (order: 3, 32768 bytes)
[    0.088058] pinctrl core: initialized pinctrl subsystem
[    0.091917] RTC time:  9:24:55, date: 03/22/19
[    0.092118] NET: Registered protocol family 16
[    0.093247] audit: initializing netlink subsys (disabled)
[    0.096028] audit: type=2000 audit(1553246701.436:1): state=initialized audit_enabled=0 res=1
[    0.098001] cpuidle: using governor ladder
[    0.098001] cpuidle: using governor menu
[    0.100033] ACPI: bus type PCI registered
[    0.101230] acpiphp: ACPI Hot Plug PCI Controller Driver version: 0.5
[    0.104111] PCI: Using configuration type 1 for base access
[    0.105884] HugeTLB registered 2.00 MiB page size, pre-allocated 0 pages
[    0.108076] ACPI: Added _OSI(Module Device)
[    0.109406] ACPI: Added _OSI(Processor Device)
[    0.112003] ACPI: Added _OSI(3.0 _SCP Extensions)
[    0.113339] ACPI: Added _OSI(Processor Aggregator Device)
[    0.114623] ACPI: Added _OSI(Linux-Dell-Video)
[    0.116003] ACPI: Added _OSI(Linux-Lenovo-NV-HDMI-Audio)
[    0.117235] ACPI: Added _OSI(Linux-HPI-Hybrid-Graphics)
[    0.120447] ACPI: Executed 1 blocks of module-level executable AML code
[    0.126913] ACPI: Interpreter enabled
[    0.128015] ACPI: (supports S0 S5)
[    0.129157] ACPI: Using IOAPIC for interrupt routing
[    0.130705] PCI: Using host bridge windows from ACPI; if necessary, use "pci=nocrs" and report a bug
[    0.132225] ACPI: Enabled 2 GPEs in block 00 to 07
[    0.142690] ACPI: PCI Root Bridge [PCI0] (domain 0000 [bus 00-ff])
[    0.144008] acpi PNP0A03:00: _OSC: OS supports [ASPM ClockPM Segments MSI]
[    0.148029] acpi PNP0A03:00: _OSC: not requesting OS control; OS requires [ExtendedConfig ASPM ClockPM MSI]
[    0.150915] acpi PNP0A03:00: fail to add MMCONFIG information, can't access extended PCI configuration space under this bridge.
[    0.152478] PCI host bridge to bus 0000:00
[    0.153510] pci_bus 0000:00: root bus resource [io  0x0000-0x0cf7 window]
[    0.156003] pci_bus 0000:00: root bus resource [io  0x0d00-0xffff window]
[    0.157687] pci_bus 0000:00: root bus resource [mem 0x000a0000-0x000bffff window]
[    0.160005] pci_bus 0000:00: root bus resource [mem 0x40000000-0xfdffffff window]
[    0.161737] pci_bus 0000:00: root bus resource [bus 00-ff]
[    0.167330] pci 0000:00:01.1: legacy IDE quirk: reg 0x10: [io  0x01f0-0x01f7]
[    0.168004] pci 0000:00:01.1: legacy IDE quirk: reg 0x14: [io  0x03f6]
[    0.169486] pci 0000:00:01.1: legacy IDE quirk: reg 0x18: [io  0x0170-0x0177]
[    0.172004] pci 0000:00:01.1: legacy IDE quirk: reg 0x1c: [io  0x0376]
[    0.192538] pci 0000:00:07.0: quirk: [io  0x4000-0x403f] claimed by PIIX4 ACPI
[    0.194772] pci 0000:00:07.0: quirk: [io  0x4100-0x410f] claimed by PIIX4 SMB
[    0.207826] ACPI: PCI Interrupt Link [LNKA] (IRQs 5 9 10 *11)
[    0.208300] ACPI: PCI Interrupt Link [LNKB] (IRQs 5 9 *10 11)
[    0.212333] ACPI: PCI Interrupt Link [LNKC] (IRQs 5 *9 10 11)
[    0.216154] ACPI: PCI Interrupt Link [LNKD] (IRQs 5 9 10 *11)
[    0.218308] SCSI subsystem initialized
[    0.219604] pci 0000:00:02.0: vgaarb: setting as boot VGA device
[    0.219604] pci 0000:00:02.0: vgaarb: VGA device added: decodes=io+mem,owns=io+mem,locks=none
[    0.220010] pci 0000:00:02.0: vgaarb: bridge control possible
[    0.224010] vgaarb: loaded
[    0.224907] ACPI: bus type USB registered
[    0.225875] usbcore: registered new interface driver usbfs
[    0.228027] usbcore: registered new interface driver hub
[    0.232032] usbcore: registered new device driver usb
[    0.233782] EDAC MC: Ver: 3.0.0
[    0.233782] PCI: Using ACPI for IRQ routing
[    0.236410] NetLabel: Initializing
[    0.237569] NetLabel:  domain hash size = 128
[    0.238609] NetLabel:  protocols = UNLABELED CIPSOv4 CALIPSO
[    0.240054] NetLabel:  unlabeled traffic allowed by default
[    0.244145] clocksource: Switched to clocksource kvm-clock
[    0.260799] VFS: Disk quotas dquot_6.6.0
[    0.262303] VFS: Dquot-cache hash table entries: 512 (order 0, 4096 bytes)
[    0.265247] AppArmor: AppArmor Filesystem Enabled
[    0.266717] pnp: PnP ACPI init
[    0.269047] pnp: PnP ACPI: found 3 devices
[    0.282317] clocksource: acpi_pm: mask: 0xffffff max_cycles: 0xffffff, max_idle_ns: 2085701024 ns
[    0.284693] NET: Registered protocol family 2
[    0.288643] TCP established hash table entries: 8192 (order: 4, 65536 bytes)
[    0.290600] TCP bind hash table entries: 8192 (order: 5, 131072 bytes)
[    0.292339] TCP: Hash tables configured (established 8192 bind 8192)
[    0.294962] UDP hash table entries: 512 (order: 2, 16384 bytes)
[    0.296561] UDP-Lite hash table entries: 512 (order: 2, 16384 bytes)
[    0.298324] NET: Registered protocol family 1
[    0.299441] pci 0000:00:00.0: Limiting direct PCI/PCI transfers
[    0.300888] pci 0000:00:01.0: Activating ISA DMA hang workarounds
[    0.302653] pci 0000:00:02.0: Video device with shadowed ROM at [mem 0x000c0000-0x000dffff]
[    0.309914] Unpacking initramfs...
[    0.690210] Freeing initrd memory: 18976K
[    0.692462] platform rtc_cmos: registered platform RTC device (no PNP device found)
[    0.697726] Scanning for low memory corruption every 60 seconds
[    0.703421] Initialise system trusted keyrings
[    0.705573] Key type blacklist registered
[    0.708236] workingset: timestamp_bits=36 max_order=18 bucket_order=0
[    0.710761] zbud: loaded
[    0.711754] squashfs: version 4.0 (2009/01/31) Phillip Lougher
[    0.714083] fuse init (API version 7.26)
[    0.718624] Key type asymmetric registered
[    0.719872] Asymmetric key parser 'x509' registered
[    0.721106] Block layer SCSI generic (bsg) driver version 0.4 loaded (major 246)
[    0.723744] io scheduler noop registered
[    0.725014] io scheduler deadline registered
[    0.726151] io scheduler cfq registered (default)
[    0.728054] ACPI: AC Adapter [AC] (on-line)
[    0.729490] input: Power Button as /devices/LNXSYSTM:00/LNXPWRBN:00/input/input0
[    0.734235] ACPI: Power Button [PWRF]
[    0.737418] input: Sleep Button as /devices/LNXSYSTM:00/LNXSLPBN:00/input/input1
[    0.741631] ACPI: Sleep Button [SLPF]
[    0.745074] ACPI: Battery Slot [BAT0] (battery present)
[    0.746633] Serial: 8250/16550 driver, 32 ports, IRQ sharing enabled
 	
 !"#$%&'()*+,-./0123456789:;<=>?@ABCDZ[\]^_`abcdefghijklmnopqrstuvº»¼½¾¿ÀÁÂÃÄÅÆÇÈÉÊËÌÍÎÏÐÑÒÓÔÕÖ×ØÙÚÛÜÝÞßàáâãäåæçèéêëìíîïðñòóôõö÷øùúûüýþÿ[    0.773781] 00:02: ttyS0 at I/O 0x3f8 (irq = 4, base_baud = 115200) is a 16550A
[    0.781169] Linux agpgart interface v0.103
[    0.784683] loop: module loaded
[    0.786435] scsi host0: ata_piix
[    0.788681] scsi host1: ata_piix
[    0.789708] ata1: PATA max UDMA/33 cmd 0x1f0 ctl 0x3f6 bmdma 0xd000 irq 14
[    0.791307] ata2: PATA max UDMA/33 cmd 0x170 ctl 0x376 bmdma 0xd008 irq 15
[    0.793658] libphy: Fixed MDIO Bus: probed
[    0.794630] tun: Universal TUN/TAP device driver, 1.6
[    0.797194] PPP generic driver version 2.4.2
[    0.798841] ehci_hcd: USB 2.0 'Enhanced' Host Controller (EHCI) Driver
[    0.800517] ehci-pci: EHCI PCI platform driver
[    0.801578] ehci-platform: EHCI generic platform driver
[    0.802780] ohci_hcd: USB 1.1 'Open' Host Controller (OHCI) Driver
[    0.807498] ohci-pci: OHCI PCI platform driver
[    0.810127] ohci-platform: OHCI generic platform driver
[    0.813454] uhci_hcd: USB Universal Host Controller Interface driver
[    0.815978] i8042: PNP: PS/2 Controller [PNP0303:PS2K,PNP0f03:PS2M] at 0x60,0x64 irq 1,12
[    0.819884] serio: i8042 KBD port at 0x60,0x64 irq 1
[    0.822645] serio: i8042 AUX port at 0x60,0x64 irq 12
[    0.824797] mousedev: PS/2 mouse device common for all mice
[    0.827775] input: AT Translated Set 2 keyboard as /devices/platform/i8042/serio0/input/input2
[    0.831682] rtc_cmos rtc_cmos: rtc core: registered rtc_cmos as rtc0
[    0.833988] rtc_cmos rtc_cmos: alarms up to one day, 114 bytes nvram
[    0.835614] i2c /dev entries driver
[    0.837429] pcie_mp2_amd: AMD(R) PCI-E MP2 Communication Driver Version: 1.0
[    0.839542] device-mapper: uevent: version 1.0.3
[    0.841316] device-mapper: ioctl: 4.37.0-ioctl (2017-09-20) initialised: dm-devel@redhat.com
[    0.843517] ledtrig-cpu: registered to indicate activity on CPUs
[    0.846568] NET: Registered protocol family 10
[    0.851165] Segment Routing with IPv6
[    0.853003] NET: Registered protocol family 17
[    0.854653] Key type dns_resolver registered
[    0.857343] RAS: Correctable Errors collector initialized.
[    0.859950] sched_clock: Marking stable (857287539, 0)->(1271337747, -414050208)
[    0.863672] registered taskstats version 1
[    0.864907] Loading compiled-in X.509 certificates
[    0.869984] Loaded X.509 cert 'Build time autogenerated kernel key: b873a790e41754b50f7dbae45b6bd46229c3c73f'
[    0.873482] zswap: loaded using pool lzo/zbud
[    0.879405] Key type big_key registered
[    0.880541] Key type trusted registered
[    0.883499] Key type encrypted registered
[    0.885782] AppArmor: AppArmor sha1 policy hashing enabled
[    0.887163] ima: No TPM chip found, activating TPM-bypass! (rc=-19)
[    0.888739] ima: Allocated hash algorithm: sha1
[    0.890477] evm: HMAC attrs: 0x1
[    0.894316]   Magic number: 11:960:424
[    0.895585] rtc_cmos rtc_cmos: setting system clock to 2019-03-22 09:24:55 UTC (1553246695)
[    0.899633] BIOS EDD facility v0.16 2004-Jun-25, 0 devices found
[    0.904420] EDD information not available.
[    0.964068] Freeing unused kernel memory: 2408K
[    0.976395] Write protecting the kernel read-only data: 20480k
[    0.979364] Freeing unused kernel memory: 2008K
[    0.986876] Freeing unused kernel memory: 1892K
[    0.995078] x86/mm: Checked W+X mappings: passed, no W+X pages found.
[    0.997883] x86/mm: Checking user space page tables
[    1.007631] x86/mm: Checked W+X mappings: passed, no W+X pages found.
Loading, please wait...
starting version 237
[    1.089921] Fusion MPT base driver 3.04.20
[    1.090998] Copyright (c) 1999-2008 LSI Corporation
[    1.115878] e1000: Intel(R) PRO/1000 Network Driver - version 7.3.21-k8-NAPI
[    1.122250] e1000: Copyright (c) 1999-2006 Intel Corporation.
[    1.133966] Fusion MPT SPI Host driver 3.04.20
[    1.138268] AVX2 version of gcm_enc/dec engaged.
[    1.139410] AES CTR mode by8 optimization enabled
[    1.140846] mptbase: ioc0: Initiating bringup
[    1.257464] ioc0: LSI53C1030 A0: Capabilities={Initiator}
[    1.791716] input: ImExPS/2 Generic Explorer Mouse as /devices/platform/i8042/serio1/input/input4
[    1.830603] tsc: Refined TSC clocksource calibration: 2303.472 MHz
[    1.840697] clocksource: tsc: mask: 0xffffffffffffffff max_cycles: 0x213404ee6f5, max_idle_ns: 440795222955 ns
[    2.049059] scsi host2: ioc0: LSI53C1030 A0, FwRev=00000000h, Ports=1, MaxQ=256, IRQ=20
[    2.220870] scsi 2:0:0:0: Direct-Access     VBOX     HARDDISK         1.0  PQ: 0 ANSI: 5
[    2.252439] scsi target2:0:0: Beginning Domain Validation
[    2.257184] scsi target2:0:0: Domain Validation skipping write tests
[    2.260499] scsi target2:0:0: Ending Domain Validation
[    2.269290] scsi target2:0:0: asynchronous
[    2.289379] scsi 2:0:1:0: Direct-Access     VBOX     HARDDISK         1.0  PQ: 0 ANSI: 5
[    2.348176] scsi target2:0:1: Beginning Domain Validation
[    2.351153] random: fast init done
[    2.352499] scsi target2:0:1: Domain Validation skipping write tests
[    2.357775] scsi target2:0:1: Ending Domain Validation
[    2.359671] scsi target2:0:1: asynchronous
[    2.366819] sd 2:0:0:0: [sda] 20971520 512-byte logical blocks: (10.7 GB/10.0 GiB)
[    2.367836] random: systemd-udevd: uninitialized urandom read (16 bytes read)
[    2.367854] random: systemd-udevd: uninitialized urandom read (16 bytes read)
[    2.367857] random: systemd-udevd: uninitialized urandom read (16 bytes read)
[    2.377224] sd 2:0:0:0: Attached scsi generic sg0 type 0
[    2.378687] sd 2:0:0:0: [sda] Write Protect is off
[    2.381209] sd 2:0:1:0: Attached scsi generic sg1 type 0
[    2.382873] sd 2:0:0:0: [sda] Incomplete mode parameter data
[    2.384714] sd 2:0:0:0: [sda] Assuming drive cache: write through
[    2.389292] sd 2:0:1:0: [sdb] 20480 512-byte logical blocks: (10.5 MB/10.0 MiB)
[    2.391837]  sda: sda1
[    2.398220] sd 2:0:1:0: [sdb] Write Protect is off
[    2.400387] sd 2:0:1:0: [sdb] Incomplete mode parameter data
[    2.406649] sd 2:0:1:0: [sdb] Assuming drive cache: write through
[    2.409689] sd 2:0:0:0: [sda] Attached SCSI disk
[    2.414171] sd 2:0:1:0: [sdb] Attached SCSI disk
[    2.735826] e1000 0000:00:03.0 eth0: (PCI:33MHz:32-bit) 02:73:ab:6a:68:9e
[    2.738182] e1000 0000:00:03.0 eth0: Intel(R) PRO/1000 Network Connection
[    3.241523] e1000 0000:00:08.0 eth1: (PCI:33MHz:32-bit) 08:00:27:22:00:e7
[    3.245300] e1000 0000:00:08.0 eth1: Intel(R) PRO/1000 Network Connection
[    3.248686] e1000 0000:00:08.0 enp0s8: renamed from eth1
[    3.269827] e1000 0000:00:03.0 enp0s3: renamed from eth0
Begin: Loading essential drivers ... [    4.708179] raid6: sse2x1   gen() 11674 MB/s
[    4.756057] raid6: sse2x1   xor()  8259 MB/s
[    4.804436] raid6: sse2x2   gen() 14184 MB/s
[    4.852229] raid6: sse2x2   xor()  8931 MB/s
[    4.900268] raid6: sse2x4   gen() 16646 MB/s
[    4.948291] raid6: sse2x4   xor() 10599 MB/s
[    4.996029] raid6: avx2x1   gen() 23607 MB/s
[    5.044114] raid6: avx2x1   xor() 15611 MB/s
[    5.092110] raid6: avx2x2   gen() 27933 MB/s
[    5.140039] raid6: avx2x2   xor() 17175 MB/s
[    5.188043] raid6: avx2x4   gen() 31954 MB/s
[    5.236534] raid6: avx2x4   xor() 15820 MB/s
[    5.238368] raid6: using algorithm avx2x4 gen() 31954 MB/s
[    5.240836] raid6: .... xor() 15820 MB/s, rmw enabled
[    5.242540] raid6: using avx2x2 recovery algorithm
[    5.245265] xor: automatically using best checksumming function   avx       
[    5.249646] async_tx: api initialized (async)
done.
Begin: Running /scripts/init-premount ... done.
Begin: Mounting root file system ... Begin: Running /scripts/local-top ... done.
Begin: Running /scripts/local-premount ... [    5.298337] Btrfs loaded, crc32c=crc32c-intel
Scanning for Btrfs filesystems
done.
Warning: fsck not present, so skipping root file system
[    5.350583] EXT4-fs (sda1): mounted filesystem with ordered data mode. Opts: (null)
done.
Begin: Running /scripts/local-bottom ... done.
Begin: Running /scripts/init-bottom ... done.
[    5.756807] ip_tables: (C) 2000-2006 Netfilter Core Team
[    5.771592] systemd[1]: systemd 237 running in system mode. (+PAM +AUDIT +SELINUX +IMA +APPARMOR +SMACK +SYSVINIT +UTMP +LIBCRYPTSETUP +GCRYPT +GNUTLS +ACL +XZ +LZ4 +SECCOMP +BLKID +ELFUTILS +KMOD -IDN2 +IDN -PCRE2 default-hierarchy=hybrid)
[    5.780011] systemd[1]: Detected virtualization oracle.
[    5.782019] systemd[1]: Detected architecture x86-64.

Welcome to [1mUbuntu 18.04.2 LTS[0m!

[    5.789804] systemd[1]: Set hostname to <ubuntu>.
[    5.794584] systemd[1]: Initializing machine ID from random generator.
[    5.796248] systemd[1]: Installed transient /etc/machine-id file.
[    6.072209] systemd[1]: Created slice User and Session Slice.
[[0;32m  OK  [0m] Created slice User and Session Slice.
[    6.074959] systemd[1]: Started Forward Password Requests to Wall Directory Watch.
[[0;32m  OK  [0m] Started Forward Password Requests to Wall Directory Watch.
[    6.078320] systemd[1]: Reached target Swap.
[[0;32m  OK  [0m] Reached target Swap.
[    6.080252] systemd[1]: Reached target System Time Synchronized.
[[0;32m  OK  [0m] Reached target System Time Synchronized.
[[0;32m  OK  [0m] Reached target User and Group Name Lookups.
[[0;32m  OK  [0m] Created slice System Slice.
[[0;32m  OK  [0m] Listening on LVM2 poll daemon socket.
[[0;32m  OK  [0m] Listening on Journal Socket (/dev/log).
[[0;32m  OK  [0m] Listening on Device-mapper event daemon FIFOs.
[[0;32m  OK  [0m] Created slice system-serial\x2dgetty.slice.
[[0;32m  OK  [0m] Listening on udev Kernel Socket.
[[0;32m  OK  [0m] Listening on LVM2 metadata daemon socket.
[[0;32m  OK  [0m] Reached target Slices.
[[0;32m  OK  [0m] Listening on Network Service Netlink Socket.
[[0;32m  OK  [0m] Listening on Journal Socket.
         Starting Remount Root and Kernel File Systems...
         Mounting POSIX Message Queue File System...
         Starting Load Kernel Modules...
         Starting Create list of required stâ€¦ce nodes for the current kernel...
         Starting Uncomplicated firewall...
         Starting Set the console keyboard layout...
         Mounting Kernel Debug File System...
         Starting Monitoring of LVM2 mirrorsâ€¦ng dmeventd or progress polling...
         Mounting Huge Pages File System...
[[0;32m  OK  [0m] Listening on udev Control Socket.
         Starting udev Coldplug all Devices...
[[0;32m  OK  [0m] Set up automount Arbitrary Executabâ€¦rmats File System Automount Point.
[    6.159771] Loading iSCSI transport class v2.0-870.
[[0;32m  OK  [0m] Listening on Syslog Socket.
[[0;32m  OK  [0m] Listening on Journal Audit Socket.
         Starting Journal Service...
[[0;32m  OK  [0m] Listening on /dev/initctl Compatibility Named Pipe.
[[0;32m  OK  [0m] Started Create list of required staâ€¦vice nodes for the current kernel.
[    6.285919] iscsi: registered transport (tcp)
[[0;32m  OK  [0m] Started Uncomplicated firewall.
         Starting Create Static Device Nodes in /dev...
[[0;32m  OK  [0m] Started udev Coldplug all Devices.
[[0;32m  OK  [0m] Started Journal Service.
[    6.395320] iscsi: registered transport (iser)
[[0;32m  OK  [0m] Started Load Kernel Modules.
         Mounting Kernel Configuration File System...
         Starting Apply Kernel Variables...
         Mounting FUSE Control File System...
[[0;32m  OK  [0m] Started Create Static Device Nodes in /dev.
[[0;32m  OK  [0m] Started Apply Kernel Variables.
[[0;32m  OK  [0m] Mounted POSIX Message Queue File System.
[[0;32m  OK  [0m] Mounted Kernel Debug File System.
[[0;32m  OK  [0m] Mounted Huge Pages File System.
[[0;32m  OK  [0m] Mounted Kernel Configuration File System.
[[0;32m  OK  [0m] Mounted FUSE Control File System.
[[0;32m  OK  [0m] Started LVM2 metadata daemon.
[[0;32m  OK  [0m] Started Remount Root and Kernel File Systems.
         Starting Flush Journal to Persistent Storage...
         Starting Initial cloud-init job (pre-networking)...
         Starting Load/Save Random Seed...
         Starting udev Kernel Device Manager...
[[0;32m  OK  [0m] Started Monitoring of LVM2 mirrors,â€¦sing dmeventd or progress polling.
[[0;32m  OK  [0m] Started Load/Save Random Seed.
[[0;32m  OK  [0m] Started udev Kernel Device Manager.
[[0;32m  OK  [0m] Started Flush Journal to Persistent Storage.
[[0;32m  OK  [0m] Found device /dev/ttyS0.
[[0;32m  OK  [0m] Listening on Load/Save RF Kill Switch Status /dev/rfkill Watch.
[[0;32m  OK  [0m] Started Set the console keyboard layout.
[[0;32m  OK  [0m] Started Dispatch Password Requests to Console Directory Watch.
[[0;32m  OK  [0m] Reached target Local Encrypted Volumes.
[[0;32m  OK  [0m] Reached target Local File Systems (Pre).
[[0;32m  OK  [0m] Reached target Local File Systems.
         Starting Commit a transient machine-id on disk...
         Starting AppArmor initialization...
         Starting Tell Plymouth To Write Out Runtime Data...
         Starting Set console font and keymap...
         Starting ebtables ruleset management...
         Starting Create Volatile Files and Directories...
[[0;32m  OK  [0m] Started Tell Plymouth To Write Out Runtime Data.
[[0;32m  OK  [0m] Started Create Volatile Files and Directories.
         Starting Update UTMP about System Boot/Shutdown...
[[0;32m  OK  [0m] Started Update UTMP about System Boot/Shutdown.
[[0;32m  OK  [0m] Started Commit a transient machine-id on disk.
[[0;32m  OK  [0m] Started ebtables ruleset management.
[    9.323059] cloud-init[414]: Cloud-init v. 18.5-21-g8ee294d5-0ubuntu1~18.04.1 running 'init-local' at Fri, 22 Mar 2019 09:25:03 +0000. Up 8.50 seconds.
[[0;32m  OK  [0m] Started Initial cloud-init job (pre-networking).
[[0;32m  OK  [0m] Reached target Network (Pre).
         Starting Network Service...
[[0;32m  OK  [0m] Started Network Service.
         Starting Network Name Resolution...
         Starting Wait for Network to be Configured...
[[0;32m  OK  [0m] Started Network Name Resolution.
[[0;32m  OK  [0m] Started AppArmor initialization.
[[0;32m  OK  [0m] Reached target Host and Network Name Lookups.
[[0;32m  OK  [0m] Reached target Network.
[[0;32m  OK  [0m] Started Set console font and keymap.
[[0;32m  OK  [0m] Started Wait for Network to be Configured.
         Starting Initial cloud-init job (metadata service crawler)...
[   12.236422] cloud-init[942]: Cloud-init v. 18.5-21-g8ee294d5-0ubuntu1~18.04.1 running 'init' at Fri, 22 Mar 2019 09:25:06 +0000. Up 11.98 seconds.
[   12.239772] cloud-init[942]: ci-info: ++++++++++++++++++++++++++++++++++++++Net device info+++++++++++++++++++++++++++++++++++++++
[   12.252262] cloud-init[942]: ci-info: +--------+-------+----------------------------+---------------+--------+-------------------+
[   12.256820] cloud-init[942]: ci-info: | Device |   Up  |          Address           |      Mask     | Scope  |     Hw-Address    |
[   12.261068] cloud-init[942]: ci-info: +--------+-------+----------------------------+---------------+--------+-------------------+
[   12.264371] cloud-init[942]: ci-info: | enp0s3 |  True |         10.0.2.15          | 255.255.255.0 | global | 02:73:ab:6a:68:9e |
[   12.267820] cloud-init[942]: ci-info: | enp0s3 |  True | fe80::73:abff:fe6a:689e/64 |       .       |  link  | 02:73:ab:6a:68:9e |
[   12.272574] cloud-init[942]: ci-info: | enp0s8 | False |             .              |       .       |   .    | 08:00:27:22:00:e7 |
[   12.278310] cloud-init[942]: ci-info: |   lo   |  True |         127.0.0.1          |   255.0.0.0   |  host  |         .         |
[   12.283575] cloud-init[942]: ci-info: |   lo   |  True |          ::1/128           |       .       |  host  |         .         |
[   12.288006] cloud-init[942]: ci-info: +--------+-------+----------------------------+---------------+--------+-------------------+
[   12.299670] cloud-init[942]: ci-info: ++++++++++++++++++++++++++++Route IPv4 info+++++++++++++++++++++++++++++
[   12.311318] cloud-init[942]: ci-info: +-------+-------------+----------+-----------------+-----------+-------+
[   12.320128] cloud-init[942]: ci-info: | Route | Destination | Gateway  |     Genmask     | Interface | Flags |
[   12.330277] cloud-init[942]: ci-info: +-------+-------------+----------+-----------------+-----------+-------+
[   12.338949] cloud-init[942]: ci-info: |   0   |   0.0.0.0   | 10.0.2.2 |     0.0.0.0     |   enp0s3  |   UG  |
[   12.357906] cloud-init[942]: ci-info: |   1   |   10.0.2.0  | 0.0.0.0  |  255.255.255.0  |   enp0s3  |   U   |
[   12.365429] cloud-init[942]: ci-info: |   2   |   10.0.2.2  | 0.0.0.0  | 255.255.255.255 |   enp0s3  |   UH  |
[   12.367959] cloud-init[942]: ci-info: +-------+-------------+----------+-----------------+-----------+-------+
[   12.371012] cloud-init[942]: ci-info: +++++++++++++++++++Route IPv6 info+++++++++++++++++++
[   12.375681] cloud-init[942]: ci-info: +-------+-------------+---------+-----------+-------+
[   12.379767] cloud-init[942]: ci-info: | Route | Destination | Gateway | Interface | Flags |
[   12.382842] cloud-init[942]: ci-info: +-------+-------------+---------+-----------+-------+
[   12.388551] cloud-init[942]: ci-info: |   1   |  fe80::/64  |    ::   |   enp0s3  |   U   |
[   12.392111] cloud-init[942]: ci-info: |   3   |    local    |    ::   |   enp0s3  |   U   |
[   12.397961] cloud-init[942]: ci-info: |   4   |   ff00::/8  |    ::   |   enp0s3  |   U   |
[   12.411061] cloud-init[942]: ci-info: +-------+-------------+---------+-----------+-------+
[   13.843440] cloud-init[942]: Generating public/private rsa key pair.
[   13.845358] cloud-init[942]: Your identification has been saved in /etc/ssh/ssh_host_rsa_key.
[   13.860418] cloud-init[942]: Your public key has been saved in /etc/ssh/ssh_host_rsa_key.pub.
[   13.863137] cloud-init[942]: The key fingerprint is:
[   13.864679] cloud-init[942]: SHA256:sCtaLbVtKdV3UmdHA2cnmKmfozvVo3QkkbheEZUN82A root@ubuntu-bionic
[   13.867274] cloud-init[942]: The key's randomart image is:
[   13.884345] cloud-init[942]: +---[RSA 2048]----+
[   13.886139] cloud-init[942]: |           ..OEBo|
[   13.887776] cloud-init[942]: |          . B.+*+|
[   13.889133] cloud-init[942]: |      .    o o. =|
[   13.890483] cloud-init[942]: |       o .o o..o.|
[   13.891983] cloud-init[942]: |      o S..oo=.  |
[   13.893703] cloud-init[942]: |     o = ...*o+  |
[   13.895193] cloud-init[942]: |    + = +  + + . |
[   13.896910] cloud-init[942]: |   o o o  o .    |
[   13.898268] cloud-init[942]: |  .       .o     |
[   13.899757] cloud-init[942]: +----[SHA256]-----+
[   13.912267] cloud-init[942]: Generating public/private dsa key pair.
[   13.914017] cloud-init[942]: Your identification has been saved in /etc/ssh/ssh_host_dsa_key.
[   13.916257] cloud-init[942]: Your public key has been saved in /etc/ssh/ssh_host_dsa_key.pub.
[   13.918732] cloud-init[942]: The key fingerprint is:
[   13.920598] cloud-init[942]: SHA256:2G/N+AE1RpyZlTzor1TluBok5+kAMURBfLadxeS0mTo root@ubuntu-bionic
[   13.923218] cloud-init[942]: The key's randomart image is:
[   13.924730] cloud-init[942]: +---[DSA 1024]----+
[   13.926336] cloud-init[942]: |       ==. ..X+. |
[   13.927826] cloud-init[942]: |        + o.*o*+.|
[   13.928799] cloud-init[942]: |         = ++o== |
[   13.930371] cloud-init[942]: |       o. oo*oo .|
[   13.933492] cloud-init[942]: |      . S..=E+ . |
[   13.934756] cloud-init[942]: |         ..==.o  |
[   13.936040] cloud-init[942]: |          ++++   |
[   13.937481] cloud-init[942]: |         . .+.   |
[   13.938632] cloud-init[942]: |            .    |
[   13.939801] cloud-init[942]: +----[SHA256]-----+
[   13.941759] cloud-init[942]: Generating public/private ecdsa key pair.
[   13.943526] cloud-init[942]: Your identification has been saved in /etc/ssh/ssh_host_ecdsa_key.
[   13.945869] cloud-init[942]: Your public key has been saved in /etc/ssh/ssh_host_ecdsa_key.pub.
[   13.948508] cloud-init[942]: The key fingerprint is:
[   13.950710] cloud-init[942]: SHA256:gzFv+sHIM61/NMyFyaMD32NJJyNdk15E3/Zj9F8xUVc root@ubuntu-bionic
[   13.952723] cloud-init[942]: The key's randomart image is:
[   13.954129] cloud-init[942]: +---[ECDSA 256]---+
[   13.968327] cloud-init[942]: |             +o.E|
[   13.969916] cloud-init[942]: |            + ..+|
[   13.971570] cloud-init[942]: |      o  o = o ++|
[   13.972960] cloud-init[942]: |      .=. X + ..=|
[   13.974398] cloud-init[942]: |      .oSB B   o+|
[   13.988566] cloud-init[942]: |     . *+.X   . +|
[[0;32m  OK  [0m] Started Initial cloud-init job (metadata service crawler).[   14.005345] cloud-init[942]: |      * ++ o    .|

[[0;32m  OK  [0m] Reached target System Initialization.
[   14.012209] cloud-init[942]: |       = ..      |
[   14.016131] cloud-init[942]: |      ..o.       |
         Starting LXD - unix socket.
[[0;32m  OK  [0m] Listening on UUID daemon activation socket.
[[0;32m  OK  [0m] Listening on D-Bus System Message Bus Socket.
[[0;32m  OK  [0m] Listening on Open-iSCSI iscsid Socket.[   14.023997] cloud-init[942]: +----[SHA256]-----+

[[0;32m  OK  [0m] Listening on ACPID Listen Socket.
[   14.024645] cloud-init[942]: Generating public/private ed25519 key pair.
[   14.040745] cloud-init[942]: Your identification has been saved in /etc/ssh/ssh_host_ed25519_key.
[   14.041443] cloud-init[942]: Your public key has been saved in /etc/ssh/ssh_host_ed25519_key.pub.
[[0;32m  OK  [0m] Started Daily apt download activities.
[   14.041578] cloud-init[942]: The key fingerprint is:
         Starting Socket activation for snappy daemon.
[[   14.076445] cloud-init[942]: SHA256:qu0vSTjKW0ifElB6pM1zt5dLPB8QkjBmSX8mKL6HUBg root@ubuntu-bionic
[0;32m  OK  [0m] Started Daily apt upgrade and clean activities.
[   14.076792] cloud-init[942]: The key's randomart image is:
[   14.104300] cloud-init[942]: +--[ED25519 256]--+
[[0;32m  OK  [0m] Started ACPI Events Check.
[[   14.105390] cloud-init[942]: |E o.*o...        |
[0;32m  OK  [0m[   14.108340] ] cloud-initReached target Paths.[942]: 
| X o.+.. .       |
[[0;32m  OK  [0m[   14.110881] ] cloud-initStarted Discard unused blocks once a week.[942]: 
|= B o + +        |
[   14.112791] cloud-init[942]: | = + . * o       |
[[   14.114125] cloud-init[942]: |. +  .. S .      |
[0;32m  OK  [0m] Started Daily Cleanup of Temporary Directories.
[[0;32m  OK  [0m] Started Message of the Day.
[[0;32m  OK  [0m] Reached target Timers.
[[0;32m  OK  [0m] Reached target Cloud-config availability.
[[0;32m  OK  [0m] Reached target Network is Online.
[   14.116897] cloud-init[942]: | o *o..+ + .     |
[   14.166376] cloud-init[942]: | .=.=o... .      |
[   14.169530] cloud-init[942]: |  o+ oo          |
         Starting Availability of block devices...
[[0;32m  OK  [0m] [   14.174589] cloud-init[942]: |  ....oo.        |Reached target Remote File Systems (Pre).

[   14.188480] cloud-init[942]: +----[SHA256]-----+
[[0;32m  OK  [0m] Reached target Remote File Systems.
[[0;32m  OK  [0m] Listening on LXD - unix socket.
[[0;32m  OK  [0m] Listening on Socket activation for snappy daemon.
[[0;32m  OK  [0m] Started Availability of block devices.
[[0;32m  OK  [0m] Reached target Sockets.
[[0;32m  OK  [0m] Reached target Basic System.
[[0;32m  OK  [0m] Started irqbalance daemon.
         Starting LXD - container startup/shutdown...
         Starting LSB: automatic crash report generation...
[[0;32m  OK  [0m] Started D-Bus System Message Bus.
         Starting Snappy daemon...
         Starting System Logging Service...
[[0;32m  OK  [0m] Started Regular background program processing daemon.
         Starting Dispatcher daemon for systemd-networkd...
         Starting Virtualbox guest utils...
         Starting Pollinate to seed the pseudo random number generator...
         Starting Permit User Sessions...
[[0;32m  OK  [0m] Started FUSE filesystem for LXC.
         Starting Accounts Service...
         Starting LSB: Record successful boot for GRUB...
[[0;32m  OK  [0m] Started Deferred execution scheduler.
         Starting Login Service...
[[0;32m  OK  [0m] Started System Logging Service.
[[0;32m  OK  [0m] Started LXD - container startup/shutdown.
[[0;32m  OK  [0m] Started Permit User Sessions.
         Starting Terminate Plymouth Boot Screen...
         Starting Hold until boot process finishes up...
[[0;32m  OK  [0m] Started Hold until boot process finishes up.
[[0;32m  OK  [0m] Started Terminate Plymouth Boot Screen.
         Starting Set console scheme...
[[0;32m  OK  [0m] Started Serial Getty on ttyS0.
[[0;32m  OK  [0m] Started Login Service.
[[0;32m  OK  [0m] Started Unattended Upgrades Shutdown.
[[0;32m  OK  [0m] Started Set console scheme.
[[0;32m  OK  [0m] Created slice system-getty.slice.
[[0;32m  OK  [0m] Started Getty on tty1.
[[0;32m  OK  [0m] Reached target Login Prompts.
[[0;32m  OK  [0m] Started LSB: automatic crash report generation.
         Starting Authorization Manager...
[[0;32m  OK  [0m] Started LSB: Record successful boot for GRUB.
[[0;32m  OK  [0m] Started Authorization Manager.
[[0;32m  OK  [0m] Started Accounts Service.
[[0;32m  OK  [0m] Started Virtualbox guest utils.
[[0;32m  OK  [0m] Started Snappy daemon.
         Starting Wait until snapd is fully seeded...
[[0;32m  OK  [0m] Started Dispatcher daemon for systemd-networkd.
[[0;32m  OK  [0m] Started Pollinate to seed the pseudo random number generator.
         Starting OpenBSD Secure Shell server...
[[0;32m  OK  [0m] Started OpenBSD Secure Shell server.
[[0;32m  OK  [0m] Created slice User Slice of vagrant.
         Starting User Manager for UID 1000...
[[0;32m  OK  [0m] Started Session 1 of user vagrant.
[[0;32m  OK  [0m] Started User Manager for UID 1000.
[[0;32m  OK  [0m] Started Wait until snapd is fully seeded.
         Starting Apply the settings specified in cloud-config...
[[0;32m  OK  [0m] Reached target Multi-User System.
[[0;32m  OK  [0m] Reached target Graphical Interface.
         Starting Update UTMP about System Runlevel Changes...
[[0;32m  OK  [0m] Started Update UTMP about System Runlevel Changes.
[   20.586781] cloud-init[1642]: Cloud-init v. 18.5-21-g8ee294d5-0ubuntu1~18.04.1 running 'modules:config' at Fri, 22 Mar 2019 09:25:14 +0000. Up 19.91 seconds.

Ubuntu 18.04.2 LTS ubuntu-bionic ttyS0

ubuntu-bionic login: ci-info: no authorized ssh keys fingerprints found for user ubuntu.
<14>Mar 22 09:25:15 ec2: 
<14>Mar 22 09:25:15 ec2: #############################################################
<14>Mar 22 09:25:15 ec2: -----BEGIN SSH HOST KEY FINGERPRINTS-----
<14>Mar 22 09:25:15 ec2: 1024 SHA256:2G/N+AE1RpyZlTzor1TluBok5+kAMURBfLadxeS0mTo root@ubuntu-bionic (DSA)
<14>Mar 22 09:25:15 ec2: 256 SHA256:gzFv+sHIM61/NMyFyaMD32NJJyNdk15E3/Zj9F8xUVc root@ubuntu-bionic (ECDSA)
<14>Mar 22 09:25:15 ec2: 256 SHA256:qu0vSTjKW0ifElB6pM1zt5dLPB8QkjBmSX8mKL6HUBg root@ubuntu-bionic (ED25519)
<14>Mar 22 09:25:15 ec2: 2048 SHA256:sCtaLbVtKdV3UmdHA2cnmKmfozvVo3QkkbheEZUN82A root@ubuntu-bionic (RSA)
<14>Mar 22 09:25:15 ec2: -----END SSH HOST KEY FINGERPRINTS-----
<14>Mar 22 09:25:15 ec2: #############################################################
-----BEGIN SSH HOST KEY KEYS-----
ecdsa-sha2-nistp256 AAAAE2VjZHNhLXNoYTItbmlzdHAyNTYAAAAIbmlzdHAyNTYAAABBBIxGh8UB5SM5TOSWIKOtHppLSZytqvnJuqQWTlbu3fe+JBvoNDxPgJT6cHGdNvg5jBBRuIWnkn/aM2rr0o6N2Ow= root@ubuntu-bionic
ssh-ed25519 AAAAC3NzaC1lZDI1NTE5AAAAIF/gSVzETrKXmbOo+QydHb13Ch9Qx2bEorymzPggsCUh root@ubuntu-bionic
ssh-rsa AAAAB3NzaC1yc2EAAAADAQABAAABAQC/smQ0ok9NLMaMNaAYPNeLATqtPS4u3H+JnTgdtFOZ7FRFx/1QSP3AdPLJlKW8WXeK4I62ukcXbyTMZRszefbrwV3u1nYpAi+xEk6HIDRl6gOVgetg3hd5TC4Tt1/A//qsC/S9qkklAjPaXHV9s9LcJzdIrTptyxN+1M739WEmpgqBQYxsd4rR/VupiAX6m7YCUpcSZygXNJYn5TBd7lAozxvpzLJ86ySO8kZsaRGflsMs06+VhYsUmihrNUkqjSnqeAXsX5IfkEs6994dVAUNGduERC/xEfgTLdNThGN270cJTZ3zcUMpNG7dF6SeqqgXl8OXfYuHzL8Vc/ZsXgbj root@ubuntu-bionic
-----END SSH HOST KEY KEYS-----
[   21.214876] cloud-init[1832]: Cloud-init v. 18.5-21-g8ee294d5-0ubuntu1~18.04.1 running 'modules:final' at Fri, 22 Mar 2019 09:25:15 +0000. Up 21.04 seconds.
[   21.219890] cloud-init[1832]: ci-info: no authorized ssh keys fingerprints found for user ubuntu.
[   21.224399] cloud-init[1832]: Cloud-init v. 18.5-21-g8ee294d5-0ubuntu1~18.04.1 finished at Fri, 22 Mar 2019 09:25:15 +0000. Datasource DataSourceNoCloud [seed=/dev/sdb][dsmode=net].  Up 21.19 seconds
[[0;32m  OK  [0m] Stopped target Timers.
[[0;32m  OK  [0m] Closed Load/Save RF Kill Switch Status /dev/rfkill Watch.
[[0;32m  OK  [0m] Stopped Daily apt upgrade and clean activities.
[[0;32m  OK  [0m] Stopped Daily Cleanup of Temporary Directories.
         Stopping User Manager for UID 1000...
[[0;32m  OK  [0m] Stopped Discard unused blocks once a week.
[[0;32m  OK  [0m] Stopped target Cloud-init target.
[[0;32m  OK  [0m] Stopped target Graphical Interface.
         Stopping Availability of block devices...
         Stopping Session 5 of user vagrant.
         Stopping Accounts Service...
[[0;32m  OK  [0m] Stopped Message of the Day.
         Stopping Authorization Manager...
[[0;32m  OK  [0m] Stopped Daily apt download activities.
[[0;32m  OK  [0m] Stopped target System Time Synchronized.
[[0;32m  OK  [0m] Stopped Execute cloud user/final scripts.
[[0;32m  OK  [0m] Stopped Apply the settings specified in cloud-config.
[[0;32m  OK  [0m] Stopped target Cloud-config availability.
[[0;32m  OK  [0m] Stopped target Network is Online.
[[0;32m  OK  [0m] Stopped target Multi-User System.
         Stopping Deferred execution scheduler...
         Stopping LSB: automatic crash report generation...
         Stopping irqbalance daemon...
[[0;32m  OK  [0m] Stopped Wait until snapd is fully seeded.
         Stopping FUSE filesystem for LXC...
         Stopping A high performance web server and a reverse proxy server...
         Stopping Dispatcher daemon for systemd-networkd...
         Stopping LSB: Record successful boot for GRUB...
         Stopping Unattended Upgrades Shutdown...
         Stopping LXD - container startup/shutdown...
         Stopping System Logging Service...
         Stopping Regular backg
[[0;32m  OK  [0m] Unmounted /var/lib/lxcfs.
[[0;32m  OK  [0m] Stopped irqbalance daemon.
[[0;32m  OK  [0m] Stopped Regular background program processing daemon.
[[0;32m  OK  [0m] Stopped System Logging Service.
[[0;32m  OK  [0m] Stopped Dispatcher daemon for systemd-networkd.
[[0;32m  OK  [0m] Stopped Accounts Service.
[[0;32m  OK  [0m] Stopped Serial Getty on ttyS0.
[[0;32m  OK  [0m] Stopped Getty on tty1.
[[0;32m  OK  [0m] Stopped Deferred execution scheduler.
[[0;32m  OK  [0m] Stopped Authorization Manager.
[[0;32m  OK  [0m] Stopped OpenBSD Secure Shell server.
[[0;32m  OK  [0m] Stopped User Manager for UID 1000.
[[0;32m  OK  [0m] Stopped D-Bus System Message Bus.
[[0;32m  OK  [0m] Stopped A high performance web server and a reverse proxy server.
[[0;32m  OK  [0m] Stopped FUSE filesystem for LXC.
[[0;32m  OK  [0m] Stopped Unattended Upgrades Shutdown.
[[0;32m  OK  [0m] Removed slice system-getty.slice.
[[0;32m  OK  [0m] Removed slice system-serial\x2dgetty.slice.
[[0;32m  OK  [0m] Removed slice User Slice of vagrant.
         Stopping Permit User Sessions...
         Stopping Login Service...
[[0;32m  OK  [0m] Stopped LXD - container startup/shutdown.
[[0;32m  OK  [0m] Stopped Permit User Sessions.
[[0;32m  OK  [0m] Stopped target Network.
         Stopping Network Name Resolution...
[[0;32m  OK  [0m] Stopped LSB: automatic crash report generation.
[[0;32m  OK  [0m] Stopped LSB: Record successful boot for GRUB.
[[0;32m  OK  [0m] Stopped target Remote File Systems.
[[0;32m  OK  [0m] Stopped target Remote File Systems (Pre).
[[0;32m  OK  [0m] Stopped Network Name Resolution.
[[0;32m  OK  [0m] Stopped Virtualbox guest utils.
[[0;32m  OK  [0m] Stopped Availability of block devices.
[[0;32m  OK  [0m] Stopped Login Service.
[[0;32m  OK  [0m] Stopped target User and Group Name Lookups.
[[0;32m  OK  [0m] Stopped target Basic System.
[[0;32m  OK  [0m] Stopped target Slices.
[[0;32m  OK  [0m] Removed slice User and Session Slice.
[[0;32m  OK  [0m] Stopped target Sockets.
[[0;32m  OK  [0m] Closed Socket activation for snappy daemon.
[[0;32m  OK  [0m] Closed ACPID Listen Socket.
[[0;32m  OK  [0m] Closed LXD - unix socket.
[[0;32m  OK  [0m] Closed Open-iSCSI iscsid Socket.
[[0;32m  OK  [0m] Closed Syslog Socket.
[[0;32m  OK  [0m] Closed D-Bus System Message Bus Socket.
[[0;32m  OK  [0m] Closed UUID daemon activation socket.
[[0;32m  OK  [0m] Stopped target Paths.
[[0;32m  OK  [0m] Stopped ACPI Events Check.
[[0;32m  OK  [0m] Stopped target System Initialization.
[[0;32m  OK  [0m] Stopped target Local Encrypted Volumes.
[[0;32m  OK  [0m] Stopped Dispatch Password Requests to Console Directory Watch.
[[0;32m  OK  [0m] Stopped Forward Password Requests to Wall Directory Watch.
[[0;32m  OK  [0m] Stopped Commit a transient machine-id on disk.
         Stopping Update UTMP about System Boot/Shutdown...
[[0;32m  OK  [0m] Stopped Initial cloud-init job (metadata service crawler).
         Stopping Load/Save Random Seed...
         Stopping Network Service...
[[0;32m  OK  [0m] Stopped Update UTMP about System Boot/Shutdown.
[[0;32m  OK  [0m] Stopped Create Volatile Files and Directories.
[[0;32m  OK  [0m] Stopped target Local File Systems.
         Unmounting /vagrant...
         Unmounting /run/user/1000...
[[0;32m  OK  [0m] Stopped Load/Save Random Seed.
[[0;32m  OK  [0m] Unmounted /vagrant.
[[0;32m  OK  [0m] Unmounted /run/user/1000.
[[0;32m  OK  [0m] Reached target Unmount All Filesystems.
[[0;32m  OK  [0m] Stopped target Swap.
[[0;32m  OK  [0m] Stopped target Local File Systems (Pre).
         Stopping Monitoring of LVM2 mirrorsâ€¦ng dmeventd or progress polling...
[[0;32m  OK  [0m] Stopped Create Static Device Nodes in /dev.
[[0;32m  OK  [0m] Stopped Network Service.
[[0;32m  OK  [0m] Stopped Monitoring of LVM2 mirrors,â€¦sing dmeventd or progress polling.
         Stopping LVM2 metadata daemon...
[[0;32m  OK  [0m] Stopped target Network (Pre).
[[0;32m  OK  [0m] Stopped Initial cloud-init job (pre-networking).
[[0;32m  OK  [0m] Stopped Remount Root and Kernel File Systems.
[[0;32m  OK  [0m] Stopped Apply Kernel Variables.
[[0;32m  OK  [0m] Stopped Load Kernel Modules.
[[0;32m  OK  [0m] Reached target Shutdown.
[[0;32m  OK  [0m] Reached target Final Step.
         Starting Power-Off...
[[0;32m  OK  [0m] Stopped LVM2 metadata daemon.
[  123.275902] reboot: Power down
